{
    "kind": "right",
    "value": [
        "hello",
        {
            "source": "strhello",
            "offset": 8,
            "data": {
                "lineOffsetTable": [
                    [
                        0,
                        "strhello"
                    ]
                ]
            }
        }
    ]
}

{
    "kind": "right",
    "value": [
        "hello",
        {
            "source": "strhello world",
            "offset": 8,
            "data": {
                "lineOffsetTable": [
                    [
                        0,
                        "strhello world"
                    ]
                ]
            }
        }
    ]
}

{
    "kind": "right",
    "value": [
        123,
        {
            "source": "123abc",
            "offset": 3,
            "data": {
                "lineOffsetTable": [
                    [
                        0,
                        "123abc"
                    ]
                ]
            }
        }
    ]
}

{
    "kind": "right",
    "value": [
        {
            "line": 3,
            "col": 1,
            "value": "123"
        },
        {
            "source": "\n\n123",
            "offset": 5,
            "data": {
                "lineOffsetTable": [
                    [
                        0,
                        ""
                    ],
                    [
                        1,
                        ""
                    ],
                    [
                        2,
                        "123"
                    ]
                ]
            }
        }
    ]
}

{
    "kind": "left",
    "value": {
        "line": 3,
        "col": 4,
        "value": {
            "kind": "pc_error",
            "code": "digit_expected"
        }
    }
}

{
    "kind": "left",
    "value": {
        "kind": "pc_error",
        "code": "eos_reached"
    }
}

{
    "kind": "right",
    "value": [
        [
            "1"
        ],
        {
            "source": "1",
            "offset": 1,
            "data": {
                "lineOffsetTable": [
                    [
                        0,
                        "1"
                    ]
                ]
            }
        }
    ]
}

{
    "kind": "right",
    "value": [
        [
            "1"
        ],
        {
            "source": "1,",
            "offset": 2,
            "data": {
                "lineOffsetTable": [
                    [
                        0,
                        "1,"
                    ]
                ]
            }
        }
    ]
}

{
    "kind": "right",
    "value": [
        [
            "1",
            "2",
            "3"
        ],
        {
            "source": "1,2,3",
            "offset": 5,
            "data": {
                "lineOffsetTable": [
                    [
                        0,
                        "1,2,3"
                    ]
                ]
            }
        }
    ]
}

{
    "kind": "right",
    "value": [
        [
            "1",
            "2",
            "3"
        ],
        {
            "source": "1,2,3,",
            "offset": 6,
            "data": {
                "lineOffsetTable": [
                    [
                        0,
                        "1,2,3,"
                    ]
                ]
            }
        }
    ]
}

{
    "kind": "right",
    "value": [
        [],
        {
            "source": "",
            "offset": 0,
            "data": {
                "lineOffsetTable": [
                    [
                        0,
                        ""
                    ]
                ]
            }
        }
    ]
}

{
    "kind": "right",
    "value": [
        [
            "1"
        ],
        {
            "source": "1",
            "offset": 1,
            "data": {
                "lineOffsetTable": [
                    [
                        0,
                        "1"
                    ]
                ]
            }
        }
    ]
}

{
    "kind": "right",
    "value": [
        [
            "1"
        ],
        {
            "source": "1,",
            "offset": 2,
            "data": {
                "lineOffsetTable": [
                    [
                        0,
                        "1,"
                    ]
                ]
            }
        }
    ]
}

{
    "kind": "right",
    "value": [
        [
            "1",
            "2",
            "3"
        ],
        {
            "source": "1,2,3",
            "offset": 5,
            "data": {
                "lineOffsetTable": [
                    [
                        0,
                        "1,2,3"
                    ]
                ]
            }
        }
    ]
}

{
    "kind": "right",
    "value": [
        [
            "1",
            "2",
            "3"
        ],
        {
            "source": "1,2,3,",
            "offset": 6,
            "data": {
                "lineOffsetTable": [
                    [
                        0,
                        "1,2,3,"
                    ]
                ]
            }
        }
    ]
}
